// Jest Snapshot v1, https://goo.gl/fbAQLP

exports[`<SetPublic/> snapshot 1`] = `
<Fragment>
  <div
    className="pokemon"
  >
    <div
      className="closed"
      onClick={[Function]}
    >
      <div
        className="inside"
      >
        <img
          alt="Pikachu"
          className="icon"
          src="https://play.pokemonshowdown.com/sprites/ani/pikachu.gif"
        />
      </div>
      <div
        className="inside"
      >
        <span>
          Pikachu
        </span>
      </div>
      <div
        className="inside"
      >
        <img
          alt="1"
          className="icon"
          key="0"
          src="https://imgur.com/6rrimLN.png"
        />
      </div>
    </div>
  </div>
</Fragment>
`;
