// Jest Snapshot v1, https://goo.gl/fbAQLP

exports[`<SetPublic/> renders without crashing 1`] = `
<Set
  set={
    Object {
      "ability": "Bad Dreams",
      "atk_ev": "",
      "atk_iv": "31",
      "date_created": "Sun May 17 2020 13:55:49 GMT-0400 (Eastern Daylight Time)",
      "date_modified": "",
      "def_ev": "",
      "def_iv": "31",
      "description": "A team using Mega Darkrai",
      "folder_id": 2,
      "folder_name": "Infinite Showcase - OU",
      "gender": "Darkrai",
      "happiness": "255",
      "hp_ev": "",
      "hp_iv": "31",
      "id": 2,
      "item": "Darkraite",
      "level": "100",
      "move_four": "Dark Pulse",
      "move_one": "Perdition's Pyre",
      "move_three": "Nasty Plot",
      "move_two": "Dark Void",
      "nature": "Timid",
      "nickname": "",
      "shiny": true,
      "spa_ev": "252",
      "spa_iv": "31",
      "spd_ev": "4",
      "spd_iv": "31",
      "spe_ev": "252",
      "spe_iv": "31",
      "species": "Darkrai",
      "team_id": 1,
      "team_name": "Darkness",
      "user_id": 1,
      "user_name": "test",
    }
  }
>
  <div
    className="pokemon"
  >
    <div
      className="closed"
      onClick={[Function]}
    >
      <div
        className="inside"
      >
        <img
          alt="Darkrai"
          className="icon"
          src="https://play.pokemonshowdown.com/sprites/ani-shiny/darkrai.gif"
        />
      </div>
      <div
        className="inside"
      >
        <span>
          Darkrai
        </span>
      </div>
      <div
        className="inside"
      >
        <img
          alt="1"
          className="icon"
          key="0"
          src="https://imgur.com/uoXwMZF.png"
        />
      </div>
    </div>
  </div>
   
</Set>
`;
