// Jest Snapshot v1, https://goo.gl/fbAQLP

exports[`<TeamsButtonListPublic/> snapshot 1`] = `
<Fragment>
  <section
    className="folders-list"
  >
    <div>
      <div
        className="pagebutton"
      >
        <button
          onClick={[Function]}
        >
          <i
            className="fas fa-arrow-circle-right"
          />
           
          Go to Next 10 Teams
        </button>
      </div>
      <span>
        Current Teams: 1 - 10
      </span>
      <h3>
        Teams:
      </h3>
    </div>
    <div>
      <div
        className="pokeball-div"
      >
        <PokeballLoader />
        <LoadingWhite />
        <h3
          className="hint"
        >
          (Hint: There May Be No Teams)
        </h3>
      </div>
    </div>
    <div>
      <span>
        Current Team: 
      </span>
    </div>
  </section>
</Fragment>
`;
