// Jest Snapshot v1, https://goo.gl/fbAQLP

exports[`<SearchBarPublic/> snapshot 1`] = `
<div
  className="searchbar"
>
  <form
    className="search"
  >
    <div
      className="search"
    >
      <label
        htmlFor="search"
      >
        Search: 
        <i
          className="fas fa-search"
        />
      </label>
      <input
        className="s-input"
        id="search"
        name="search"
        onChange={[Function]}
        placeholder="e.g. Pikachu"
        type="text"
        value=""
      />
      <label
        htmlFor="sort"
      >
        Sort By:
        <i
          className="fas fa-sort"
        />
         
      </label>
      <select
        id="sort"
        name="sort"
        onChange={[Function]}
        value=""
      >
        <option
          value="newest"
        >
          Newest
        </option>
        <option
          value="oldest"
        >
          Oldest
        </option>
        <option
          value="alphabetical"
        >
          A - Z
        </option>
        <option
          value="rev alphabetical"
        >
          Z - A
        </option>
      </select>
      <button
        onClick={[Function]}
        type="submit"
      >
        Go 
        <i
          className="fas fa-exclamation"
        />
      </button>
    </div>
  </form>
</div>
`;
