// Jest Snapshot v1, https://goo.gl/fbAQLP

exports[`<TeamsButtonListEdit/> snapshot 1`] = `
<Fragment>
  <section
    className="folders-list"
  >
    <h3>
      Teams:
    </h3>
    <div>
      <h3>
        Create or Click On a Folder to Get Started!
      </h3>
    </div>
    <div />
    <div />
  </section>
</Fragment>
`;
