// Jest Snapshot v1, https://goo.gl/fbAQLP

exports[`<TeamsListPublic/> snapshot 1`] = `
<Fragment>
  <div
    className="team-pagination"
  >
    <div
      className="pagebutton"
    >
      <button
        onClick={[Function]}
      >
        <i
          className="fas fa-arrow-circle-right"
        />
         
        Go to Next 10 Teams
      </button>
    </div>
    <span>
      Current Teams: 1 - 10
    </span>
    <h3>
      Teams:
    </h3>
  </div>
  <div
    className="pokeball-div"
  >
    <PokeballLoader />
    <LoadingBlack />
    <h3
      className="hint"
    >
      (Hint: There May Be No Teams)
    </h3>
  </div>
</Fragment>
`;
