// Jest Snapshot v1, https://goo.gl/fbAQLP

exports[`<TeamsButtonListEdit/> renders without crashing 1`] = `
<TeamsButtonList>
  <section
    className="folders-list"
  >
    <h3>
      Teams:
    </h3>
    <div>
      <h3>
        None! Click the Button Below to Get Started!
      </h3>
    </div>
    <div>
      <button
        onClick={[Function]}
      >
        New Team 
        <i
          className="far fa-plus-square"
        />
      </button>
    </div>
    <div>
      <span>
        Current Team: undefined
      </span>
    </div>
  </section>
</TeamsButtonList>
`;
