// Jest Snapshot v1, https://goo.gl/fbAQLP

exports[`<FoldersList/> renders without crashing 1`] = `
<FoldersList>
  <section
    className="folders-list"
  >
    <h3>
      Folders:
    </h3>
    <div>
      <h3>
        None! Click Below to Make a New Folder!
      </h3>
    </div>
    <div>
      <button
        onClick={[Function]}
      >
        New Folder 
        <i
          className="fas fa-folder-plus"
        />
      </button>
    </div>
    <div>
      <span>
        Current Folder: undefined
      </span>
    </div>
    <div />
  </section>
</FoldersList>
`;
