// Jest Snapshot v1, https://goo.gl/fbAQLP

exports[`<RegistrationForm/> snapshot 1`] = `
<form
  className="RegistrationForm"
  onSubmit={[Function]}
>
  <div
    role="alert"
  >
    <p
      className="register-intro"
    >
      Please create a unique username, and a password that is 8 characters and contains an uppercase, lowercase, number and a special char.
    </p>
  </div>
  <div
    className="user_name"
  >
    <label
      htmlFor="RegistrationForm__user_name"
    >
      User name 
      <Required />
    </label>
    <Input
      id="RegistrationForm__user_name"
      name="user_name"
      required={true}
      type="text"
    />
  </div>
  <div
    className="password"
  >
    <label
      htmlFor="RegistrationForm__password"
    >
      Password 
      <Required />
    </label>
    <Input
      id="RegistrationForm__password"
      name="password"
      required={true}
      type="password"
    />
  </div>
  <div
    className="verifyPassword"
  >
    <label
      htmlFor="RegistrationForm__verifyPassword"
    >
      Verify Password 
      <Required />
    </label>
    <Input
      id="RegistrationForm__verifyPassword"
      name="verifyPassword"
      required={true}
      type="password"
    />
  </div>
  <div
    className="go-back-links"
  >
    <Button
      type="submit"
    >
      Register
    </Button>
    <Link
      className="go-back"
      to="/landing"
    >
      Go Back
    </Link>
  </div>
</form>
`;
